;
+-----------------------+
| Database              |
+-----------------------+
| Carlos0309$carlosJoin |
| Carlos0309$default    |
| information_schema    |
| performance_schema    |
+-----------------------+
4 rows in set (0.01 sec)

mysql> use Carlos0309$default; 
Database changed
mysql> show tables;
+------------------------------+
| Tables_in_Carlos0309$default |
+------------------------------+
| GameScores                   |
| HockeyGame                   |
| HockeyTeam                   |
| HockeyTeamPlayer             |
| PlayoffRound                 |
| RoundStats                   |
| USUARIOS                     |
| User                         |
| UserInfo                     |
| UserScorePicks               |
| UserStatsPicks               |
| detalle_horario              |
| horario                      |
| plantilla_detalle_horario    |
+------------------------------+
14 rows in set (0.00 sec)

mysql> create table GameScores;
ERROR 4028 (HY000): A table must have at least one visible column.
mysql> show create table GameScores;
+------------+--------------------------------------------------------------------------------------------------------------------------------------------------------------------------------------+
| Table      | Create Table                                                                                                                                                                         |
+------------+--------------------------------------------------------------------------------------------------------------------------------------------------------------------------------------+
| GameScores | CREATE TABLE `GameScores` (
  `id` int NOT NULL,
  `team1Score` int NOT NULL,
  `team2Score` int NOT NULL,
  PRIMARY KEY (`id`,`team1Score`)
) ENGINE=InnoDB DEFAULT CHARSET=utf8mb3 |
+------------+--------------------------------------------------------------------------------------------------------------------------------------------------------------------------------------+
1 row in set (0.00 sec)

mysql> show create table HockeyGame;
+------------+---------------------------------------------------------------------------------------------------------------------------------------------------------------------------------------------------------------------------------------------------------------------+
| Table      | Create Table                                                                                                                                                                                                                                                        |
+------------+---------------------------------------------------------------------------------------------------------------------------------------------------------------------------------------------------------------------------------------------------------------------+
| HockeyGame | CREATE TABLE `HockeyGame` (
  `id` int NOT NULL,
  `roundId` int NOT NULL,
  `startTime` date NOT NULL,
  `description` text NOT NULL,
  `team1Id` int NOT NULL,
  `team2Id` int NOT NULL,
  PRIMARY KEY (`id`,`startTime`)
) ENGINE=InnoDB DEFAULT CHARSET=utf8mb3 |
+------------+---------------------------------------------------------------------------------------------------------------------------------------------------------------------------------------------------------------------------------------------------------------------+
1 row in set (0.00 sec)

mysql> show create table HockeyTeam;
+------------+---------------------------------------------------------------------------------------------------------------------------------------------------------------------------------+
| Table      | Create Table                                                                                                                                                                    |
+------------+---------------------------------------------------------------------------------------------------------------------------------------------------------------------------------+
| HockeyTeam | CREATE TABLE `HockeyTeam` (
  `id` int NOT NULL,
  `name` varchar(25) NOT NULL,
  `logo` tinytext NOT NULL,
  PRIMARY KEY (`id`,`name`)
) ENGINE=InnoDB DEFAULT CHARSET=utf8mb3 |
+------------+---------------------------------------------------------------------------------------------------------------------------------------------------------------------------------+
1 row in set (0.00 sec)

mysql> show create table HockeyTeamPlayer;
+------------------+---------------------------------------------------------------------------------------------------------------------------------------------------------------------------------------------------------------------------------------------------------------------------------------------------+
| Table            | Create Table                                                                                                                                                                                                                                                                                      |
+------------------+---------------------------------------------------------------------------------------------------------------------------------------------------------------------------------------------------------------------------------------------------------------------------------------------------+
| HockeyTeamPlayer | CREATE TABLE `HockeyTeamPlayer` (
  `id` int NOT NULL,
  `hockeyTeamId` int NOT NULL,
  `firtsName` tinytext NOT NULL,
  `lastName` tinytext NOT NULL,
  `jerseyNum` int NOT NULL,
  `position` varchar(16) NOT NULL,
  PRIMARY KEY (`id`,`hockeyTeamId`)
) ENGINE=InnoDB DEFAULT CHARSET=utf8mb3 |
+------------------+---------------------------------------------------------------------------------------------------------------------------------------------------------------------------------------------------------------------------------------------------------------------------------------------------+
1 row in set (0.01 sec)

mysql> shoiw
    -> show create table  PlayoffRound;
ERROR 1064 (42000): You have an error in your SQL syntax; check the manual that corresponds to your MySQL server version for the right syntax to use near 'shoiw
show create table  PlayoffRound' at line 1
mysql> show create table  PlayoffRound;
+--------------+--------------------------------------------------------------------------------------------------------------------------------------------------------------------------------------------------------------------------------------------------------------------+
| Table        | Create Table                                                                                                                                                                                                                                                       |
+--------------+--------------------------------------------------------------------------------------------------------------------------------------------------------------------------------------------------------------------------------------------------------------------+
| PlayoffRound | CREATE TABLE `PlayoffRound` (
  `id` int NOT NULL,
  `team1id` int NOT NULL,
  `team2id` int NOT NULL,
  `startTime` date NOT NULL,
  `endTime` date NOT NULL,
  `roundNum` int NOT NULL,
  PRIMARY KEY (`id`,`startTime`)
) ENGINE=InnoDB DEFAULT CHARSET=utf8mb3 |
+--------------+--------------------------------------------------------------------------------------------------------------------------------------------------------------------------------------------------------------------------------------------------------------------+
1 row in set (0.00 sec)

mysql> show create table  RoundStats;
+------------+----------------------------------------------------------------------------------------------------------------------------------------------------------------------------------------------------------------------------------------------------------------------------------------------------------------------------------------------------------------------+
| Table      | Create Table                                                                                                                                                                                                                                                                                                                                                         |
+------------+----------------------------------------------------------------------------------------------------------------------------------------------------------------------------------------------------------------------------------------------------------------------------------------------------------------------------------------------------------------------+
| RoundStats | CREATE TABLE `RoundStats` (
  `id` int NOT NULL,
  `numShutouts` int NOT NULL,
  `goalLeaderId` int NOT NULL,
  `assistLeaderId` int NOT NULL,
  `penaltyLeaderId` int NOT NULL,
  `plusMinusLeaderId` int NOT NULL,
  `facesoffsWonLeaderId` int NOT NULL,
  `sogLeaderId` int NOT NULL,
  PRIMARY KEY (`id`,`numShutouts`)
) ENGINE=InnoDB DEFAULT CHARSET=utf8mb3 |
+------------+----------------------------------------------------------------------------------------------------------------------------------------------------------------------------------------------------------------------------------------------------------------------------------------------------------------------------------------------------------------------+
1 row in set (0.00 sec)

mysql> show create table  USUARIOS;
+----------+-----------------------------------------------------------------------------------------------------------------------------------------------------------------------------------------+
| Table    | Create Table                                                                                                                                                                            |
+----------+-----------------------------------------------------------------------------------------------------------------------------------------------------------------------------------------+
| USUARIOS | CREATE TABLE `USUARIOS` (
  `nombre` varchar(25) DEFAULT NULL,
  `apellido` varchar(25) DEFAULT NULL,
  `departamento` varchar(25) DEFAULT NULL
) ENGINE=InnoDB DEFAULT CHARSET=utf8mb3 |
+----------+-----------------------------------------------------------------------------------------------------------------------------------------------------------------------------------------+
1 row in set (0.00 sec)

mysql> show create table  User;
+-------+------------------------------------------------------------------------------------------------------------------------------------------------------------------------------------------+
| Table | Create Table                                                                                                                                                                             |
+-------+------------------------------------------------------------------------------------------------------------------------------------------------------------------------------------------+
| User  | CREATE TABLE `User` (
  `id` int NOT NULL,
  `username` varchar(13) NOT NULL,
  `password` varchar(13) NOT NULL,
  PRIMARY KEY (`id`,`username`)
) ENGINE=InnoDB DEFAULT CHARSET=utf8mb3 |
+-------+------------------------------------------------------------------------------------------------------------------------------------------------------------------------------------------+
1 row in set (0.00 sec)

mysql> show create table UserInf;
ERROR 1146 (42S02): Table 'Carlos0309$default.UserInf' doesn't exist
mysql> show create table UserInfo;
+----------+--------------------------------------------------------------------------------------------------------------------------------------------------------------------------------------------------------------------------------------------------------------------------------------------------------------------------------------------------+
| Table    | Create Table                                                                                                                                                                                                                                                                                                                                     |
+----------+--------------------------------------------------------------------------------------------------------------------------------------------------------------------------------------------------------------------------------------------------------------------------------------------------------------------------------------------------+
| UserInfo | CREATE TABLE `UserInfo` (
  `id` int NOT NULL,
  `firtsName` tinytext NOT NULL,
  `lastName` tinytext NOT NULL,
  `email` varchar(13) NOT NULL,
  `round1Points` int NOT NULL,
  `round2Points` int NOT NULL,
  `round3Points` int NOT NULL,
  `round4Points` int NOT NULL,
  PRIMARY KEY (`id`,`email`)
) ENGINE=InnoDB DEFAULT CHARSET=utf8mb3 |
+----------+--------------------------------------------------------------------------------------------------------------------------------------------------------------------------------------------------------------------------------------------------------------------------------------------------------------------------------------------------+
1 row in set (0.00 sec)

mysql> show create table  UserScorePicks;
+----------------+----------------------------------------------------------------------------------------------------------------------------------------------------------------------------------------------------------------------------------------------------+
| Table          | Create Table                                                                                                                                                                                                                                       |
+----------------+----------------------------------------------------------------------------------------------------------------------------------------------------------------------------------------------------------------------------------------------------+
| UserScorePicks | CREATE TABLE `UserScorePicks` (
  `id` int NOT NULL,
  `HockeyGameId` int NOT NULL,
  `team1Score` int NOT NULL,
  `team2Score` int NOT NULL,
  `UserId` int NOT NULL,
  PRIMARY KEY (`id`,`HockeyGameId`)
) ENGINE=InnoDB DEFAULT CHARSET=utf8mb3 |
+----------------+----------------------------------------------------------------------------------------------------------------------------------------------------------------------------------------------------------------------------------------------------+
1 row in set (0.00 sec)

mysql> show create table  UserStatsPicks;
+----------------+-------------------------------------------------------------------------------------------------------------------------------------------------------------------------------------------------------------------------------------------------------------------------------------------------------------------------------------------------------------------------------------------------------------------------+
| Table          | Create Table                                                                                                                                                                                                                                                                                                                                                                                                            |
+----------------+-------------------------------------------------------------------------------------------------------------------------------------------------------------------------------------------------------------------------------------------------------------------------------------------------------------------------------------------------------------------------------------------------------------------------+
| UserStatsPicks | CREATE TABLE `UserStatsPicks` (
  `id` int NOT NULL,
  `roundId` int NOT NULL,
  `goalLeaderId` int NOT NULL,
  `assistLeaderId` int NOT NULL,
  `penaltyLeaderId` int NOT NULL,
  `plusMinusLeaderId` int NOT NULL,
  `facesoffsWonLeaderId` int NOT NULL,
  `sogLeaderId` int NOT NULL,
  `numShutouts` int NOT NULL,
  `userId` int NOT NULL,
  PRIMARY KEY (`id`,`roundId`)
) ENGINE=InnoDB DEFAULT CHARSET=utf8mb3 |
+----------------+-------------------------------------------------------------------------------------------------------------------------------------------------------------------------------------------------------------------------------------------------------------------------------------------------------------------------------------------------------------------------------------------------------------------------+
1 row in set (0.00 sec)

mysql> show create table detalle_horario;
+-----------------+------------------------------------------------------------------------------------------------------------------------------------------------------------------------------------------------------------------------------------------------------------------+
| Table           | Create Table                                                                                                                                                                                                                                                     |
+-----------------+------------------------------------------------------------------------------------------------------------------------------------------------------------------------------------------------------------------------------------------------------------------+
| detalle_horario | CREATE TABLE `detalle_horario` (
  `horario_id` int NOT NULL,
  `hora_salida` date NOT NULL,
  `hora_entrada` date NOT NULL,
  `codigo_incapacidad` varchar(25) DEFAULT NULL,
  PRIMARY KEY (`horario_id`,`hora_salida`)
) ENGINE=InnoDB DEFAULT CHARSET=utf8mb3 |
+-----------------+------------------------------------------------------------------------------------------------------------------------------------------------------------------------------------------------------------------------------------------------------------------+
1 row in set (0.01 sec)

mysql> show create table horario;
+---------+-----------------------------------------------------------------------------------------------------------------------------------------------------------------------------------------------+
| Table   | Create Table                                                                                                                                                                                  |
+---------+-----------------------------------------------------------------------------------------------------------------------------------------------------------------------------------------------+
| horario | CREATE TABLE `horario` (
  `horario_id` int NOT NULL AUTO_INCREMENT,
  `plantilla_id` int DEFAULT NULL,
  PRIMARY KEY (`horario_id`)
) ENGINE=InnoDB AUTO_INCREMENT=6 DEFAULT CHARSET=utf8mb3 |
+---------+-----------------------------------------------------------------------------------------------------------------------------------------------------------------------------------------------+
1 row in set (0.00 sec)

mysql> show create table detalle_horario;
+-----------------+------------------------------------------------------------------------------------------------------------------------------------------------------------------------------------------------------------------------------------------------------------------+
| Table           | Create Table                                                                                                                                                                                                                                                     |
+-----------------+------------------------------------------------------------------------------------------------------------------------------------------------------------------------------------------------------------------------------------------------------------------+
| detalle_horario | CREATE TABLE `detalle_horario` (
  `horario_id` int NOT NULL,
  `hora_salida` date NOT NULL,
  `hora_entrada` date NOT NULL,
  `codigo_incapacidad` varchar(25) DEFAULT NULL,
  PRIMARY KEY (`horario_id`,`hora_salida`)
) ENGINE=InnoDB DEFAULT CHARSET=utf8mb3 |
+-----------------+------------------------------------------------------------------------------------------------------------------------------------------------------------------------------------------------------------------------------------------------------------------+
1 row in set (0.00 sec)

mysql> show create table Plantilla_ detalle_horario
    -> 
    -> 

^C
mysql> show create table Plantilla_ detalle_horario;
ERROR 1064 (42000): You have an error in your SQL syntax; check the manual that corresponds to your MySQL server version for the right syntax to use near 'detalle_horario' at line 1
mysql> show create table plantilla_detalle_horario;
+---------------------------+-------------------------------------------------------------------------------------------------------------------------------------------------------------------------------------------------------------------------------------------------------------------+
| Table                     | Create Table                                                                                                                                                                                                                                                      |
+---------------------------+-------------------------------------------------------------------------------------------------------------------------------------------------------------------------------------------------------------------------------------------------------------------+
| plantilla_detalle_horario | CREATE TABLE `plantilla_detalle_horario` (
  `plantilla_id` int NOT NULL,
  `dia` int NOT NULL,
  `codigo_incapacidad` varchar(25) DEFAULT NULL,
  `turno` varchar(25) DEFAULT NULL,
  PRIMARY KEY (`plantilla_id`,`dia`)
) ENGINE=InnoDB DEFAULT CHARSET=utf8mb3 |
+---------------------------+-------------------------------------------------------------------------------------------------------------------------------------------------------------------------------------------------------------------------------------------------------------------+
1 row in set (0.00 sec)

mysql> 
mysql> 
mysql> mysql> show create table Plantilla_ detalle_horario
    -> 
    ->     -> 
    -> 
    ->     -> 
    -> 
    -> ^C
    -> 
    -> mysql> show create table Plantilla_ detalle_horario;
ERROR 1064 (42000): You have an error in your SQL syntax; check the manual that corresponds to your MySQL server version for the right syntax to use near 'mysql> show create table Plantilla_ detalle_horario

    -> 

    -> 

^C

mysql' at line 1
mysql> 
mysql> ERROR 1064 (42000): You have an error in your SQL syntax; check the manual that corresponds to your MySQL server version for the right syn
ERROR 1064 (42000): You have an error in your SQL syntax; check the manual that corresponds to your MySQL server version for the right syntax to use near 'ERROR 1064 (42000): You have an error in your SQL syntax' at line 1
    -> 
    -> tax to use near 'detalle_horario' at line 1
    -> 
    -> mysql> show create table plantilla_detalle_horario;
ERROR 1064 (42000): You have an error in your SQL syntax; check the manual that corresponds to your MySQL server version for the right syntax to use near 'the manual that corresponds to your MySQL server version for the right syn

tax ' at line 1
mysql> 
mysql> +---------------------------+-------------------------------------------------------------------------------------------------------------
    -> 
    -> -----------------------------------------------------------------------------------------------------------------------------------
-------
    -> 
    -> ------------+
    -> 
    -> | Table                     | Create Table                                                                                         
       
    -> 
    ->                                                                                                                                    
       
    -> 
    ->             |
    -> 
    -> +---------------------------+------------------------------------------------------------------------------------------------------
-------
    -> 
    -> -----------------------------------------------------------------------------------------------------------------------------------
-------
    -> 
    -> ------------+
    -> 
    -> | plantilla_detalle_horario | CREATE TABLE `plantilla_detalle_horario` (
    -> 
    ->   `plantilla_id` int NOT NULL,
    -> 
    ->   `dia` int NOT NULL,
    -> 
    ->   `codigo_incapacidad` varchar(25) DEFAULT NULL,
    -> 
    ->   `turno` varchar(25) DEFAULT NULL,
    -> 
    ->   PRIMARY KEY (`plantilla_id`,`dia`)
    -> 
    -> ) ENGINE=InnoDB DEFAULT CHARSET=utf8mb3 |
    -> 
    -> +---------------------------+------------------------------------------------------------------------------------------------------
-------
    -> 
    -> -----------------------------------------------------------------------------------------------------------------------------------
-------
    -> 
    -> ------------+
    -> 
    -> 1 row in set (0.00 sec)ys
    -> 
    -> m
    -> 
    -> m
    -> 
    -> m
